
  VITE v7.3.6  ready in 178 ms

  ➜  Local:   http://127.0.0.1:5174/
  ➜  press h + enter to show help
오후 3:11:05 [vite] (client) page reload src/physics.js
오후 3:11:50 [vite] (client) page reload src/physics.js
오후 3:13:56 [vite] (client) page reload index.html
오후 3:13:58 [vite] (client) page reload src/main.js
오후 3:18:54 [vite] (client) page reload src/main.js
오후 3:18:56 [vite] (client) page reload src/main.js
오후 3:23:11 [vite] (client) page reload src/physics.js
오후 3:24:44 [vite] (client) page reload src/runner.js
오후 3:24:45 [vite] (client) page reload src/main.js
오후 3:25:19 [vite] (client) page reload index.html
오후 3:25:19 [vite] (client) hmr update /src/style.css
오후 3:25:19 [vite] (client) page reload src/main.js
오후 3:26:31 [vite] (client) page reload src/main.js
오후 3:26:33 [vite] (client) hmr update /src/style.css
오후 3:48:54 [vite] (client) page reload src/physics.js
오후 3:49:02 [vite] (client) page reload src/physics.js
오후 3:50:14 [vite] (client) page reload src/maps.js
오후 3:50:49 [vite] (client) page reload src/physics.js
오후 3:50:55 [vite] (client) page reload src/maps.js
오후 3:52:24 [vite] (client) page reload src/maps.js
오후 3:52:35 [vite] (client) page reload src/maps.js
오후 4:03:51 [vite] (client) page reload src/main.js
오후 4:04:19 [vite] (client) page reload src/main.js
오후 4:04:41 [vite] (client) page reload index.html
오후 4:04:57 [vite] (client) hmr update /src/style.css
오후 4:05:07 [vite] (client) hmr update /src/style.css
오후 4:07:17 [vite] (client) page reload src/worlds.js
오후 4:07:17 [vite] (client) page reload src/main.js
오후 4:08:26 [vite] (client) hmr update /src/style.css
오후 4:23:37 [vite] (client) page reload index.html
오후 4:23:49 [vite] (client) page reload index.html
오후 4:24:24 [vite] (client) page reload src/main.js
오후 4:24:48 [vite] (client) hmr update /src/style.css
오후 4:25:20 [vite] (client) hmr update /src/style.css
오후 4:35:55 [vite] (client) page reload index.html
오후 4:36:49 [vite] (client) page reload src/main.js
오후 4:37:09 [vite] (client) hmr update /src/style.css
오후 4:37:31 [vite] vite.config.js changed, restarting server...
오후 4:37:49 [vite] vite.config.js changed, restarting server...
오후 4:37:49 [vite] server restarted.
오후 4:40:05 [vite] (client) hmr update /src/style.css
오후 4:40:47 [vite] (client) page reload src/main.js
오후 4:40:47 [vite] (client) hmr update /src/style.css
